// Jest Snapshot v1, https://goo.gl/fbAQLP

exports[`renders homepage unchanged 1`] = `
<div>
  <p
    class="text-[#a1f542]"
  >
    Hello, 
    Tong
  </p>
</div>
`;
